Traceback (most recent call last):
  File "D:\cedri\anaconda3\envs\prepa\lib\site-packages\jupyter_cache\executors\utils.py", line 51, in single_nb_execution
    executenb(
  File "D:\cedri\anaconda3\envs\prepa\lib\site-packages\nbclient\client.py", line 1204, in execute
    return NotebookClient(nb=nb, resources=resources, km=km, **kwargs).execute()
  File "D:\cedri\anaconda3\envs\prepa\lib\site-packages\nbclient\util.py", line 84, in wrapped
    return just_run(coro(*args, **kwargs))
  File "D:\cedri\anaconda3\envs\prepa\lib\site-packages\nbclient\util.py", line 62, in just_run
    return loop.run_until_complete(coro)
  File "D:\cedri\anaconda3\envs\prepa\lib\asyncio\base_events.py", line 647, in run_until_complete
    return future.result()
  File "D:\cedri\anaconda3\envs\prepa\lib\site-packages\nbclient\client.py", line 663, in async_execute
    await self.async_execute_cell(
  File "D:\cedri\anaconda3\envs\prepa\lib\site-packages\nbclient\client.py", line 965, in async_execute_cell
    await self._check_raise_for_error(cell, cell_index, exec_reply)
  File "D:\cedri\anaconda3\envs\prepa\lib\site-packages\nbclient\client.py", line 862, in _check_raise_for_error
    raise CellExecutionError.from_cell_and_msg(cell, exec_reply_content)
nbclient.exceptions.CellExecutionError: An error occurred while executing the following cell:
------------------
"""
On importe pour vous les bibliothèques scientifiques utiles.
"""
import numpy as np
import numpy.random as rd
import matplotlib.pyplot as plt


"""
Commencer par entrer les résultats de mesurage pour les trois mesurandes directes
"""
x1_mes = 0  # Commentaire à remplacer par la descritpion de x1
x2_mes = 0  # Commentaire à remplacer par la descritpion de x2
x3_mes = 0  # Commentaire à remplacer par la descritpion de x3


"""
Pour chaque source d'incertitude créer une ligne ou vous entrez la valeur de de la demi-largeur de la distribution uniforme.
"""
# Sources d'incertitudes pour x1
x1_d1 = 0  # Décrire ici la source d'incertitude associée
x1_d2 = 0  # Décrire ici la source d'incertitude associée

# Sources d'incertitudes pour x2



# Sources d'incertitudes pour x3



"""
Choisir le nombre de simulations
"""
N = 100000

"""
Créer les échantillons simulés des mesurandes x1, x2, x3
(ne pas oublier le résultat de mesurage).
On rappelle que pour un tirage de N valeurs suivant une loi uniforme centrée en 0 et de demi-largeur dt, la fonction est 
rd.uniform(-dt, dt, N)

Créer ensuite les échantillons simulés de OA, OA' puis f'.
"""
x1_sim = x1_m + rd.uniform(-x1_d1, x1_d1, N) + rd.uniform(-x1_d2, x1_d2, N)
x2_sim = 0
x3_sim = 0
OA_sim = 0
OA1_sim = 0
f1_sim = 0

"""
On affiche pour vous les résultats pour chaque grandeur
"""
print("Résultat de mesurage pour x1 (sans unités) : " + str(x1_mes))
print("Résultat de mesurage pour u(x1) (sans unités) : " + str(np.std(x1_sim, ddof=1)))

print("Résultat de mesurage pour x2 (sans unités) : " + str(x2_mes))
print("Résultat de mesurage pour u(x2) (sans unités) : " + str(np.std(x2_sim, ddof=1)))

print("Résultat de mesurage pour x3 (sans unités) : " + str(x3_mes))
print("Résultat de mesurage pour u(x3) (sans unités) : " + str(np.std(x3_sim, ddof=1)))

print("Résultat de mesurage pour OA (sans unités) : " + str(x1_mes - x2_mes))
print("Résultat de mesurage pour u(OA) (sans unités) : " + str(np.std(OA_sim, ddof=1)))

print("Résultat de mesurage pour OA1 (sans unités) : " + str(x3_mes - x2_mes))
print("Résultat de mesurage pour u(OA1) (sans unités) : " + str(np.std(OA1_sim, ddof=1)))


"""
Représenter graphiquement l'histogramme des valeurs simulées.
On donne le squelette pour le tracé du graphique. Ajouter/modifier les instructions.
"""
f, ax = plt.subplots()
f.suptitle("Simulation de Monte-Carlo pour f'")
ax.set_xlabel("")  # Ajouter une légende aux abscisses (grandeur et unité)

# Mettre ici l'instruction traçant l'histogramme des valeurs.

plt.show()

"""
Calculer et afficher le résultat de mesurage de f' et son incertitude-type.
"""

f1 = 0  # Entrer la formule adéquate pour le calcul de f'
f1_u = 0  # Entrer la formule adéquate pour le calcul de l'incertitude sur f'

print("Résultat de mesurage : " + str(f1))
print("Incertitude-type : " + str(f1_u))
------------------

[1;31m---------------------------------------------------------------------------[0m
[1;31mNameError[0m                                 Traceback (most recent call last)
Cell [1;32mIn [1], line 45[0m
[0;32m     35[0m N [38;5;241m=[39m [38;5;241m100000[39m
[0;32m     37[0m [38;5;124;03m"""[39;00m
[0;32m     38[0m [38;5;124;03mCréer les échantillons simulés des mesurandes x1, x2, x3[39;00m
[0;32m     39[0m [38;5;124;03m(ne pas oublier le résultat de mesurage).[39;00m
[1;32m   (...)[0m
[0;32m     43[0m [38;5;124;03mCréer ensuite les échantillons simulés de OA, OA' puis f'.[39;00m
[0;32m     44[0m [38;5;124;03m"""[39;00m
[1;32m---> 45[0m x1_sim [38;5;241m=[39m [43mx1_m[49m [38;5;241m+[39m rd[38;5;241m.[39muniform([38;5;241m-[39mx1_d1, x1_d1, N) [38;5;241m+[39m rd[38;5;241m.[39muniform([38;5;241m-[39mx1_d2, x1_d2, N)
[0;32m     46[0m x2_sim [38;5;241m=[39m [38;5;241m0[39m
[0;32m     47[0m x3_sim [38;5;241m=[39m [38;5;241m0[39m

[1;31mNameError[0m: name 'x1_m' is not defined
NameError: name 'x1_m' is not defined

